[1m============================= test session starts ==============================[0m
platform linux -- Python 3.12.3, pytest-8.4.2, pluggy-1.6.0 -- /home/maclap-uz/Projects/job_vacancy_backend/venv/bin/python3
cachedir: .pytest_cache
django: version: 5.2.7, settings: headhunter_backend.settings (from option)
rootdir: /home/maclap-uz/Projects/job_vacancy_backend
configfile: pytest.ini
plugins: django-4.11.1, anyio-4.11.0, cov-7.0.0
[1mcollecting ... [0mcollected 56 items

tests/accounts/test_accounts_views.py::test_register_step1_success [32mPASSED[0m[32m [  1%][0m
tests/accounts/test_accounts_views.py::test_login_success [32mPASSED[0m[32m         [  3%][0m
tests/accounts/test_accounts_views.py::test_logout_success [32mPASSED[0m[32m        [  5%][0m
tests/accounts/test_accounts_views.py::test_update_title [32mPASSED[0m[32m          [  7%][0m
tests/accounts/test_accounts_views.py::test_update_location [32mPASSED[0m[32m       [  8%][0m
tests/accounts/test_accounts_views.py::test_change_password [32mPASSED[0m[32m       [ 10%][0m
tests/accounts/test_accounts_views.py::test_password_reset_request [32mPASSED[0m[32m [ 12%][0m
tests/accounts/test_accounts_views.py::test_profile_image_update [32mPASSED[0m[32m  [ 14%][0m
tests/accounts/test_accounts_views.py::test_update_email_send_and_verify [32mPASSED[0m[32m [ 16%][0m
tests/accounts/test_accounts_views.py::test_user_search [32mPASSED[0m[32m           [ 17%][0m
tests/accounts/test_accounts_views.py::test_mobile_password_reset [32mPASSED[0m[32m [ 19%][0m
tests/accounts/test_profile_crud.py::test_skill_crud [32mPASSED[0m[32m              [ 21%][0m
tests/accounts/test_profile_crud.py::test_education_crud [32mPASSED[0m[32m          [ 23%][0m
tests/accounts/test_profile_crud.py::test_certificate_crud [32mPASSED[0m[32m        [ 25%][0m
tests/accounts/test_profile_crud.py::test_work_experience_crud [32mPASSED[0m[32m    [ 26%][0m
tests/applications/test_applications_views.py::test_apply_success [32mPASSED[0m[32m [ 28%][0m
tests/applications/test_applications_views.py::test_apply_twice_fails [32mPASSED[0m[32m [ 30%][0m
tests/applications/test_applications_views.py::test_apply_self_job_fails [32mPASSED[0m[32m [ 32%][0m
tests/applications/test_applications_views.py::test_employer_list_applications [32mPASSED[0m[32m [ 33%][0m
tests/applications/test_applications_views.py::test_cancel_my_application [32mPASSED[0m[32m [ 35%][0m
tests/applications/test_applications_views.py::test_applicant_full_profile [32mPASSED[0m[32m [ 37%][0m
tests/applications/test_applications_views.py::test_my_applications_list [32mPASSED[0m[32m [ 39%][0m
tests/chats/test_chats_views.py::test_get_or_create_chat_success [32mPASSED[0m[32m  [ 41%][0m
tests/chats/test_chats_views.py::test_get_or_create_self_chat_fail [32mPASSED[0m[32m [ 42%][0m
tests/chats/test_chats_views.py::test_get_or_create_existing_chat [32mPASSED[0m[32m [ 44%][0m
tests/chats/test_chats_views.py::test_list_chats [32mPASSED[0m[32m                  [ 46%][0m
tests/chats/test_chats_views.py::test_get_chat_messages_empty [32mPASSED[0m[32m     [ 48%][0m
tests/chats/test_chats_views.py::test_send_message_text [32mPASSED[0m[32m           [ 50%][0m
tests/chats/test_chats_views.py::test_send_message_empty_fail [32mPASSED[0m[32m     [ 51%][0m
tests/community/test_community_views.py::test_create_post [32mPASSED[0m[32m         [ 53%][0m
tests/community/test_community_views.py::test_list_posts [32mPASSED[0m[32m          [ 55%][0m
tests/community/test_community_views.py::test_post_detail [32mPASSED[0m[32m         [ 57%][0m
tests/community/test_community_views.py::test_post_like_toggle [32mPASSED[0m[32m    [ 58%][0m
tests/community/test_community_views.py::test_post_share_increments [32mPASSED[0m[32m [ 60%][0m
tests/community/test_community_views.py::test_create_comment [32mPASSED[0m[32m      [ 62%][0m
tests/community/test_community_views.py::test_delete_comment [32mPASSED[0m[32m      [ 64%][0m
tests/companies/test_companies_views.py::test_create_and_list_company [32mPASSED[0m[32m [ 66%][0m
tests/companies/test_companies_views.py::test_company_reviews [32mPASSED[0m[32m     [ 67%][0m
tests/companies/test_companies_views.py::test_company_photos [32mPASSED[0m[32m      [ 69%][0m
tests/companies/test_companies_views.py::test_company_interviews [32mPASSED[0m[32m  [ 71%][0m
tests/companies/test_companies_views.py::test_company_follow_toggle [32mPASSED[0m[32m [ 73%][0m
tests/companies/test_companies_views.py::test_company_stats [32mPASSED[0m[32m       [ 75%][0m
tests/companies/test_companies_views.py::test_company_top [32mPASSED[0m[32m         [ 76%][0m
tests/companies/test_companies_views.py::test_company_vacancies [32mPASSED[0m[32m   [ 78%][0m
tests/resume/test_resume_views.py::test_create_resume [32mPASSED[0m[32m             [ 80%][0m
tests/resume/test_resume_views.py::test_list_resumes [32mPASSED[0m[32m              [ 82%][0m
tests/resume/test_resume_views.py::test_my_resume [32mPASSED[0m[32m                 [ 83%][0m
tests/resume/test_resume_views.py::test_update_my_resume [32mPASSED[0m[32m          [ 85%][0m
tests/resume/test_resume_views.py::test_access_denied_other_user_resume [32mPASSED[0m[32m [ 87%][0m
tests/vacancies/test_vacancies_views.py::test_create_and_list_vacancy [32mPASSED[0m[32m [ 89%][0m
tests/vacancies/test_vacancies_views.py::test_featured_vacancies [32mPASSED[0m[32m  [ 91%][0m
tests/vacancies/test_vacancies_views.py::test_recent_vacancies [32mPASSED[0m[32m    [ 92%][0m
tests/vacancies/test_vacancies_views.py::test_rate_vacancy [32mPASSED[0m[32m        [ 94%][0m
tests/vacancies/test_vacancies_views.py::test_save_and_unsave_vacancy [32mPASSED[0m[32m [ 96%][0m
tests/vacancies/test_vacancies_views.py::test_saved_jobs_list [32mPASSED[0m[32m     [ 98%][0m
tests/vacancies/test_vacancies_views.py::test_vacancies_by_company [32mPASSED[0m[32m [100%][0m

[32m============================= [32m[1m56 passed[0m[32m in 21.71s[0m[32m ==============================[0m
